// Jest Snapshot v1, https://goo.gl/fbAQLP

exports[`Modal Tests Renders correctly 1`] = `
<section
  className="jsx-1346030082 container"
>
  <div
    className="jsx-1346030082 header"
  >
    <span
      className="jsx-1346030082 title"
    >
      Modal Title
    </span>
    <a
      className="jsx-348398248 link"
      href="/"
      onClick={[Function]}
    >
      X
    </a>
  </div>
  <div
    className="jsx-1346030082 content"
  >
    <p>
      Modal content
    </p>
  </div>
</section>
`;
