// Jest Snapshot v1, https://goo.gl/fbAQLP

exports[`Index Snapshot Testing Renders Index Page Correctly 1`] = `
<section>
  <header
    className="header"
  >
    <h1
      className="title"
    >
      
    </h1>
  </header>
  <section>
    <div />
  </section>
  <section>
    <h1>
      
    </h1>
    <a
      href="/"
      onClick={[Function]}
    >
      X
    </a>
    <div>
      <img
        alt=""
        src="https://image_01_27.jpg"
      />
    </div>
  </section>
</section>
`;
